[ 2024-08-20 13:10:08,350 ] comtypes.client._code_cache - INFO - Imported existing <module 'comtypes.gen' from 'C:\\Anaconda3\\envs\\jarvissystem\\lib\\site-packages\\comtypes\\gen\\__init__.py'>
[ 2024-08-20 13:10:08,350 ] comtypes.client._code_cache - INFO - Using writeable comtypes cache directory: 'C:\Anaconda3\envs\jarvissystem\lib\site-packages\comtypes\gen'
[ 2024-08-20 13:10:22,653 ] comtypes.client._code_cache - INFO - Imported existing <module 'comtypes.gen' from 'C:\\Anaconda3\\envs\\jarvissystem\\lib\\site-packages\\comtypes\\gen\\__init__.py'>
[ 2024-08-20 13:10:22,653 ] comtypes.client._code_cache - INFO - Using writeable comtypes cache directory: 'C:\Anaconda3\envs\jarvissystem\lib\site-packages\comtypes\gen'
[ 2024-08-20 13:10:53,214 ] comtypes.client._code_cache - INFO - Imported existing <module 'comtypes.gen' from 'C:\\Anaconda3\\envs\\jarvissystem\\lib\\site-packages\\comtypes\\gen\\__init__.py'>
[ 2024-08-20 13:10:53,214 ] comtypes.client._code_cache - INFO - Using writeable comtypes cache directory: 'C:\Anaconda3\envs\jarvissystem\lib\site-packages\comtypes\gen'
[ 2024-08-20 13:11:00,867 ] comtypes.client._code_cache - INFO - Imported existing <module 'comtypes.gen' from 'C:\\Anaconda3\\envs\\jarvissystem\\lib\\site-packages\\comtypes\\gen\\__init__.py'>
[ 2024-08-20 13:11:00,867 ] comtypes.client._code_cache - INFO - Using writeable comtypes cache directory: 'C:\Anaconda3\envs\jarvissystem\lib\site-packages\comtypes\gen'
[ 2024-08-20 13:12:32,108 ] comtypes.client._code_cache - INFO - Imported existing <module 'comtypes.gen' from 'C:\\Anaconda3\\envs\\jarvissystem\\lib\\site-packages\\comtypes\\gen\\__init__.py'>
[ 2024-08-20 13:12:32,109 ] comtypes.client._code_cache - INFO - Using writeable comtypes cache directory: 'C:\Anaconda3\envs\jarvissystem\lib\site-packages\comtypes\gen'
[ 2024-08-20 13:12:35,678 ] root - INFO - 
[ 2024-08-20 13:22:26,430 ] comtypes.client._code_cache - INFO - Imported existing <module 'comtypes.gen' from 'C:\\Anaconda3\\envs\\jarvissystem\\lib\\site-packages\\comtypes\\gen\\__init__.py'>
[ 2024-08-20 13:22:26,430 ] comtypes.client._code_cache - INFO - Using writeable comtypes cache directory: 'C:\Anaconda3\envs\jarvissystem\lib\site-packages\comtypes\gen'
[ 2024-08-20 13:23:39,997 ] comtypes.client._code_cache - INFO - Imported existing <module 'comtypes.gen' from 'C:\\Anaconda3\\envs\\jarvissystem\\lib\\site-packages\\comtypes\\gen\\__init__.py'>
[ 2024-08-20 13:23:39,998 ] comtypes.client._code_cache - INFO - Using writeable comtypes cache directory: 'C:\Anaconda3\envs\jarvissystem\lib\site-packages\comtypes\gen'
[ 2024-08-20 13:27:40,193 ] comtypes.client._code_cache - INFO - Imported existing <module 'comtypes.gen' from 'C:\\Anaconda3\\envs\\jarvissystem\\lib\\site-packages\\comtypes\\gen\\__init__.py'>
[ 2024-08-20 13:27:40,193 ] comtypes.client._code_cache - INFO - Using writeable comtypes cache directory: 'C:\Anaconda3\envs\jarvissystem\lib\site-packages\comtypes\gen'
[ 2024-08-20 13:28:02,496 ] comtypes.client._code_cache - INFO - Imported existing <module 'comtypes.gen' from 'C:\\Anaconda3\\envs\\jarvissystem\\lib\\site-packages\\comtypes\\gen\\__init__.py'>
[ 2024-08-20 13:28:02,496 ] comtypes.client._code_cache - INFO - Using writeable comtypes cache directory: 'C:\Anaconda3\envs\jarvissystem\lib\site-packages\comtypes\gen'
[ 2024-08-20 13:28:18,929 ] comtypes.client._code_cache - INFO - Imported existing <module 'comtypes.gen' from 'C:\\Anaconda3\\envs\\jarvissystem\\lib\\site-packages\\comtypes\\gen\\__init__.py'>
[ 2024-08-20 13:28:18,929 ] comtypes.client._code_cache - INFO - Using writeable comtypes cache directory: 'C:\Anaconda3\envs\jarvissystem\lib\site-packages\comtypes\gen'
[ 2024-08-20 13:30:31,904 ] comtypes.client._code_cache - INFO - Imported existing <module 'comtypes.gen' from 'C:\\Anaconda3\\envs\\jarvissystem\\lib\\site-packages\\comtypes\\gen\\__init__.py'>
[ 2024-08-20 13:30:31,904 ] comtypes.client._code_cache - INFO - Using writeable comtypes cache directory: 'C:\Anaconda3\envs\jarvissystem\lib\site-packages\comtypes\gen'
[ 2024-08-20 13:31:21,770 ] comtypes.client._code_cache - INFO - Imported existing <module 'comtypes.gen' from 'C:\\Anaconda3\\envs\\jarvissystem\\lib\\site-packages\\comtypes\\gen\\__init__.py'>
[ 2024-08-20 13:31:21,770 ] comtypes.client._code_cache - INFO - Using writeable comtypes cache directory: 'C:\Anaconda3\envs\jarvissystem\lib\site-packages\comtypes\gen'
[ 2024-08-20 13:33:10,549 ] comtypes.client._code_cache - INFO - Imported existing <module 'comtypes.gen' from 'C:\\Anaconda3\\envs\\jarvissystem\\lib\\site-packages\\comtypes\\gen\\__init__.py'>
[ 2024-08-20 13:33:10,549 ] comtypes.client._code_cache - INFO - Using writeable comtypes cache directory: 'C:\Anaconda3\envs\jarvissystem\lib\site-packages\comtypes\gen'
[ 2024-08-20 13:33:58,810 ] comtypes.client._code_cache - INFO - Imported existing <module 'comtypes.gen' from 'C:\\Anaconda3\\envs\\jarvissystem\\lib\\site-packages\\comtypes\\gen\\__init__.py'>
[ 2024-08-20 13:33:58,810 ] comtypes.client._code_cache - INFO - Using writeable comtypes cache directory: 'C:\Anaconda3\envs\jarvissystem\lib\site-packages\comtypes\gen'
[ 2024-08-20 13:34:45,479 ] comtypes.client._code_cache - INFO - Imported existing <module 'comtypes.gen' from 'C:\\Anaconda3\\envs\\jarvissystem\\lib\\site-packages\\comtypes\\gen\\__init__.py'>
[ 2024-08-20 13:34:45,479 ] comtypes.client._code_cache - INFO - Using writeable comtypes cache directory: 'C:\Anaconda3\envs\jarvissystem\lib\site-packages\comtypes\gen'
[ 2024-08-20 13:36:02,724 ] comtypes.client._code_cache - INFO - Imported existing <module 'comtypes.gen' from 'C:\\Anaconda3\\envs\\jarvissystem\\lib\\site-packages\\comtypes\\gen\\__init__.py'>
[ 2024-08-20 13:36:02,724 ] comtypes.client._code_cache - INFO - Using writeable comtypes cache directory: 'C:\Anaconda3\envs\jarvissystem\lib\site-packages\comtypes\gen'
[ 2024-08-20 13:37:16,667 ] comtypes.client._code_cache - INFO - Imported existing <module 'comtypes.gen' from 'C:\\Anaconda3\\envs\\jarvissystem\\lib\\site-packages\\comtypes\\gen\\__init__.py'>
[ 2024-08-20 13:37:16,667 ] comtypes.client._code_cache - INFO - Using writeable comtypes cache directory: 'C:\Anaconda3\envs\jarvissystem\lib\site-packages\comtypes\gen'
[ 2024-08-20 13:39:51,456 ] comtypes.client._code_cache - INFO - Imported existing <module 'comtypes.gen' from 'C:\\Anaconda3\\envs\\jarvissystem\\lib\\site-packages\\comtypes\\gen\\__init__.py'>
[ 2024-08-20 13:39:51,456 ] comtypes.client._code_cache - INFO - Using writeable comtypes cache directory: 'C:\Anaconda3\envs\jarvissystem\lib\site-packages\comtypes\gen'
[ 2024-08-20 13:40:36,039 ] comtypes.client._code_cache - INFO - Imported existing <module 'comtypes.gen' from 'C:\\Anaconda3\\envs\\jarvissystem\\lib\\site-packages\\comtypes\\gen\\__init__.py'>
[ 2024-08-20 13:40:36,039 ] comtypes.client._code_cache - INFO - Using writeable comtypes cache directory: 'C:\Anaconda3\envs\jarvissystem\lib\site-packages\comtypes\gen'
[ 2024-08-20 13:43:12,629 ] comtypes.client._code_cache - INFO - Imported existing <module 'comtypes.gen' from 'C:\\Anaconda3\\envs\\jarvissystem\\lib\\site-packages\\comtypes\\gen\\__init__.py'>
[ 2024-08-20 13:43:12,629 ] comtypes.client._code_cache - INFO - Using writeable comtypes cache directory: 'C:\Anaconda3\envs\jarvissystem\lib\site-packages\comtypes\gen'
[ 2024-08-20 13:45:08,520 ] comtypes.client._code_cache - INFO - Imported existing <module 'comtypes.gen' from 'C:\\Anaconda3\\envs\\jarvissystem\\lib\\site-packages\\comtypes\\gen\\__init__.py'>
[ 2024-08-20 13:45:08,520 ] comtypes.client._code_cache - INFO - Using writeable comtypes cache directory: 'C:\Anaconda3\envs\jarvissystem\lib\site-packages\comtypes\gen'
[ 2024-08-20 13:46:49,859 ] comtypes.client._code_cache - INFO - Imported existing <module 'comtypes.gen' from 'C:\\Anaconda3\\envs\\jarvissystem\\lib\\site-packages\\comtypes\\gen\\__init__.py'>
[ 2024-08-20 13:46:49,859 ] comtypes.client._code_cache - INFO - Using writeable comtypes cache directory: 'C:\Anaconda3\envs\jarvissystem\lib\site-packages\comtypes\gen'
[ 2024-08-20 13:47:31,259 ] comtypes.client._code_cache - INFO - Imported existing <module 'comtypes.gen' from 'C:\\Anaconda3\\envs\\jarvissystem\\lib\\site-packages\\comtypes\\gen\\__init__.py'>
[ 2024-08-20 13:47:31,260 ] comtypes.client._code_cache - INFO - Using writeable comtypes cache directory: 'C:\Anaconda3\envs\jarvissystem\lib\site-packages\comtypes\gen'
[ 2024-08-21 09:55:02,190 ] comtypes.client._code_cache - INFO - Imported existing <module 'comtypes.gen' from 'C:\\Anaconda3\\envs\\jarvissystem\\lib\\site-packages\\comtypes\\gen\\__init__.py'>
[ 2024-08-21 09:55:02,190 ] comtypes.client._code_cache - INFO - Using writeable comtypes cache directory: 'C:\Anaconda3\envs\jarvissystem\lib\site-packages\comtypes\gen'
[ 2025-11-21 18:15:43,634 ] comtypes.client._code_cache - INFO - Imported existing <module 'comtypes.gen' from 'C:\\Anaconda3\\envs\\audio-demo\\Lib\\site-packages\\comtypes\\gen\\__init__.py'>
[ 2025-11-21 18:15:43,658 ] comtypes.client._code_cache - INFO - Using writeable comtypes cache directory: 'C:\Anaconda3\envs\audio-demo\Lib\site-packages\comtypes\gen'
[ 2025-11-21 18:16:18,148 ] comtypes.client._code_cache - INFO - Imported existing <module 'comtypes.gen' from 'C:\\Anaconda3\\envs\\audio-demo\\Lib\\site-packages\\comtypes\\gen\\__init__.py'>
[ 2025-11-21 18:16:18,148 ] comtypes.client._code_cache - INFO - Using writeable comtypes cache directory: 'C:\Anaconda3\envs\audio-demo\Lib\site-packages\comtypes\gen'
[ 2025-11-21 18:17:28,916 ] comtypes.client._code_cache - INFO - Imported existing <module 'comtypes.gen' from 'C:\\Anaconda3\\envs\\audio-demo\\Lib\\site-packages\\comtypes\\gen\\__init__.py'>
[ 2025-11-21 18:17:28,916 ] comtypes.client._code_cache - INFO - Using writeable comtypes cache directory: 'C:\Anaconda3\envs\audio-demo\Lib\site-packages\comtypes\gen'
[ 2025-11-21 18:18:11,168 ] comtypes.client._code_cache - INFO - Imported existing <module 'comtypes.gen' from 'C:\\Anaconda3\\envs\\audio-demo\\Lib\\site-packages\\comtypes\\gen\\__init__.py'>
[ 2025-11-21 18:18:11,168 ] comtypes.client._code_cache - INFO - Using writeable comtypes cache directory: 'C:\Anaconda3\envs\audio-demo\Lib\site-packages\comtypes\gen'
[ 2025-11-21 18:18:46,970 ] root - INFO - 
[ 2025-11-21 18:20:31,478 ] comtypes.client._code_cache - INFO - Imported existing <module 'comtypes.gen' from 'C:\\Anaconda3\\envs\\audio-demo\\Lib\\site-packages\\comtypes\\gen\\__init__.py'>
[ 2025-11-21 18:20:31,478 ] comtypes.client._code_cache - INFO - Using writeable comtypes cache directory: 'C:\Anaconda3\envs\audio-demo\Lib\site-packages\comtypes\gen'
[ 2025-11-21 18:20:53,644 ] root - INFO - 
[ 2025-11-21 18:21:02,403 ] comtypes.client._code_cache - INFO - Imported existing <module 'comtypes.gen' from 'C:\\Anaconda3\\envs\\audio-demo\\Lib\\site-packages\\comtypes\\gen\\__init__.py'>
[ 2025-11-21 18:21:02,403 ] comtypes.client._code_cache - INFO - Using writeable comtypes cache directory: 'C:\Anaconda3\envs\audio-demo\Lib\site-packages\comtypes\gen'
[ 2025-11-21 18:21:21,256 ] root - INFO - 
[ 2025-11-21 18:21:38,474 ] root - INFO - 
[ 2025-11-21 18:21:48,604 ] root - INFO - 
[ 2025-11-21 18:21:59,908 ] root - INFO - 
[ 2025-11-21 18:22:04,917 ] root - INFO - 
[ 2025-11-21 18:22:22,022 ] root - INFO - 
[ 2025-11-21 18:22:29,731 ] root - INFO - 
[ 2025-11-21 18:22:41,968 ] root - INFO - 
[ 2025-11-21 18:22:54,592 ] root - INFO - 
[ 2025-11-21 18:23:15,847 ] root - INFO - 
[ 2025-11-21 18:23:17,595 ] comtypes.client._code_cache - INFO - Imported existing <module 'comtypes.gen' from 'C:\\Anaconda3\\envs\\audio-demo\\Lib\\site-packages\\comtypes\\gen\\__init__.py'>
[ 2025-11-21 18:23:17,595 ] comtypes.client._code_cache - INFO - Using writeable comtypes cache directory: 'C:\Anaconda3\envs\audio-demo\Lib\site-packages\comtypes\gen'
[ 2025-11-21 18:23:51,852 ] root - INFO - 
[ 2025-11-21 18:24:06,086 ] root - INFO - 
[ 2025-11-21 18:24:29,860 ] root - INFO - 
[ 2025-11-21 18:24:40,460 ] root - INFO - 
[ 2025-11-21 18:24:41,890 ] comtypes.client._code_cache - INFO - Imported existing <module 'comtypes.gen' from 'C:\\Anaconda3\\envs\\audio-demo\\Lib\\site-packages\\comtypes\\gen\\__init__.py'>
[ 2025-11-21 18:24:41,894 ] comtypes.client._code_cache - INFO - Using writeable comtypes cache directory: 'C:\Anaconda3\envs\audio-demo\Lib\site-packages\comtypes\gen'
[ 2025-11-21 18:25:04,030 ] root - INFO - 
[ 2025-11-21 18:25:11,570 ] root - INFO - 
[ 2025-11-21 18:25:20,862 ] root - INFO - 
[ 2025-11-21 18:25:54,252 ] comtypes.client._code_cache - INFO - Imported existing <module 'comtypes.gen' from 'C:\\Anaconda3\\envs\\audio-demo\\Lib\\site-packages\\comtypes\\gen\\__init__.py'>
[ 2025-11-21 18:25:54,253 ] comtypes.client._code_cache - INFO - Using writeable comtypes cache directory: 'C:\Anaconda3\envs\audio-demo\Lib\site-packages\comtypes\gen'
[ 2025-11-21 18:26:24,863 ] root - INFO - 
[ 2025-11-21 18:28:03,014 ] comtypes.client._code_cache - INFO - Imported existing <module 'comtypes.gen' from 'C:\\Anaconda3\\envs\\audio-demo\\Lib\\site-packages\\comtypes\\gen\\__init__.py'>
[ 2025-11-21 18:28:03,014 ] comtypes.client._code_cache - INFO - Using writeable comtypes cache directory: 'C:\Anaconda3\envs\audio-demo\Lib\site-packages\comtypes\gen'
[ 2025-11-21 18:29:11,496 ] comtypes.client._code_cache - INFO - Imported existing <module 'comtypes.gen' from 'C:\\Anaconda3\\envs\\audio-demo\\Lib\\site-packages\\comtypes\\gen\\__init__.py'>
[ 2025-11-21 18:29:11,496 ] comtypes.client._code_cache - INFO - Using writeable comtypes cache directory: 'C:\Anaconda3\envs\audio-demo\Lib\site-packages\comtypes\gen'
[ 2025-11-21 18:29:26,515 ] root - INFO - 
[ 2025-11-21 18:29:40,539 ] root - INFO - 
[ 2025-11-21 18:29:50,200 ] root - INFO - 
[ 2025-11-21 18:29:57,530 ] root - INFO - 
[ 2025-11-21 18:30:09,480 ] root - INFO - 
[ 2025-11-21 18:30:37,480 ] comtypes.client._code_cache - INFO - Imported existing <module 'comtypes.gen' from 'C:\\Anaconda3\\envs\\audio-demo\\Lib\\site-packages\\comtypes\\gen\\__init__.py'>
[ 2025-11-21 18:30:37,480 ] comtypes.client._code_cache - INFO - Using writeable comtypes cache directory: 'C:\Anaconda3\envs\audio-demo\Lib\site-packages\comtypes\gen'
[ 2025-11-21 18:31:38,518 ] comtypes.client._code_cache - INFO - Imported existing <module 'comtypes.gen' from 'C:\\Anaconda3\\envs\\audio-demo\\Lib\\site-packages\\comtypes\\gen\\__init__.py'>
[ 2025-11-21 18:31:38,518 ] comtypes.client._code_cache - INFO - Using writeable comtypes cache directory: 'C:\Anaconda3\envs\audio-demo\Lib\site-packages\comtypes\gen'
[ 2025-11-21 18:32:21,870 ] root - INFO - 
[ 2025-11-21 18:32:33,176 ] root - INFO - 
[ 2025-11-21 18:32:39,973 ] root - INFO - 
[ 2025-11-21 18:32:53,672 ] comtypes.client._code_cache - INFO - Imported existing <module 'comtypes.gen' from 'C:\\Anaconda3\\envs\\audio-demo\\Lib\\site-packages\\comtypes\\gen\\__init__.py'>
[ 2025-11-21 18:32:53,672 ] comtypes.client._code_cache - INFO - Using writeable comtypes cache directory: 'C:\Anaconda3\envs\audio-demo\Lib\site-packages\comtypes\gen'
[ 2025-11-21 18:35:10,506 ] comtypes.client._code_cache - INFO - Imported existing <module 'comtypes.gen' from 'C:\\Anaconda3\\envs\\audio-demo\\Lib\\site-packages\\comtypes\\gen\\__init__.py'>
[ 2025-11-21 18:35:10,506 ] comtypes.client._code_cache - INFO - Using writeable comtypes cache directory: 'C:\Anaconda3\envs\audio-demo\Lib\site-packages\comtypes\gen'
[ 2025-11-21 18:38:56,322 ] comtypes.client._code_cache - INFO - Imported existing <module 'comtypes.gen' from 'C:\\Anaconda3\\envs\\audio-demo\\Lib\\site-packages\\comtypes\\gen\\__init__.py'>
[ 2025-11-21 18:38:56,322 ] comtypes.client._code_cache - INFO - Using writeable comtypes cache directory: 'C:\Anaconda3\envs\audio-demo\Lib\site-packages\comtypes\gen'
[ 2025-11-21 18:39:23,657 ] root - INFO - 
[ 2025-11-21 18:39:54,187 ] root - INFO - 
[ 2025-11-21 18:39:59,736 ] root - INFO - 
[ 2025-11-21 18:40:06,214 ] root - INFO - 
[ 2025-11-21 18:40:18,261 ] root - INFO - 
[ 2025-11-21 18:40:31,427 ] comtypes.client._code_cache - INFO - Imported existing <module 'comtypes.gen' from 'C:\\Anaconda3\\envs\\audio-demo\\Lib\\site-packages\\comtypes\\gen\\__init__.py'>
[ 2025-11-21 18:40:31,427 ] comtypes.client._code_cache - INFO - Using writeable comtypes cache directory: 'C:\Anaconda3\envs\audio-demo\Lib\site-packages\comtypes\gen'
[ 2025-11-21 18:46:48,588 ] comtypes.client._code_cache - INFO - Imported existing <module 'comtypes.gen' from 'C:\\Anaconda3\\envs\\audio-demo\\Lib\\site-packages\\comtypes\\gen\\__init__.py'>
[ 2025-11-21 18:46:48,588 ] comtypes.client._code_cache - INFO - Using writeable comtypes cache directory: 'C:\Anaconda3\envs\audio-demo\Lib\site-packages\comtypes\gen'
[ 2025-11-21 18:47:07,286 ] root - INFO - 
[ 2025-11-21 18:48:27,845 ] comtypes.client._code_cache - INFO - Imported existing <module 'comtypes.gen' from 'C:\\Anaconda3\\envs\\audio-demo\\Lib\\site-packages\\comtypes\\gen\\__init__.py'>
[ 2025-11-21 18:48:27,845 ] comtypes.client._code_cache - INFO - Using writeable comtypes cache directory: 'C:\Anaconda3\envs\audio-demo\Lib\site-packages\comtypes\gen'
[ 2026-07-29 14:49:31,510 ] comtypes.client._code_cache - INFO - Could not import comtypes.gen, trying to create it.
[ 2026-07-29 14:49:31,513 ] comtypes.client._code_cache - INFO - Created comtypes.gen directory: 'C:\E drive\Previous data\Project\52 project\59. Python Mega Project - Personal AI Voice Assistant System\.venv\Lib\site-packages\comtypes\gen'
[ 2026-07-29 14:49:31,515 ] comtypes.client._code_cache - INFO - Writing __init__.py file: 'C:\E drive\Previous data\Project\52 project\59. Python Mega Project - Personal AI Voice Assistant System\.venv\Lib\site-packages\comtypes\gen\__init__.py'
[ 2026-07-29 14:49:31,563 ] comtypes.client._code_cache - INFO - Using writeable comtypes cache directory: 'C:\E drive\Previous data\Project\52 project\59. Python Mega Project - Personal AI Voice Assistant System\.venv\Lib\site-packages\comtypes\gen'
[ 2026-07-29 14:49:31,647 ] comtypes.client._generate - INFO - Could not import comtypes.gen._C866CA3A_32F7_11D2_9602_00C04F8EE628_0_5_4: No module named 'comtypes.gen._C866CA3A_32F7_11D2_9602_00C04F8EE628_0_5_4'
[ 2026-07-29 14:49:31,696 ] comtypes.client._generate - INFO - # Generating comtypes.gen._C866CA3A_32F7_11D2_9602_00C04F8EE628_0_5_4
[ 2026-07-29 14:49:32,382 ] comtypes.client._generate - INFO - # Generating comtypes.gen.SpeechLib
[ 2026-07-29 14:49:32,423 ] comtypes.client._generate - INFO - Could not import comtypes.gen._00020430_0000_0000_C000_000000000046_0_2_0: No module named 'comtypes.gen._00020430_0000_0000_C000_000000000046_0_2_0'
[ 2026-07-29 14:49:32,426 ] comtypes.client._generate - INFO - # Generating comtypes.gen._00020430_0000_0000_C000_000000000046_0_2_0
[ 2026-07-29 14:49:32,456 ] comtypes.client._generate - INFO - # Generating comtypes.gen.stdole
[ 2026-07-29 14:51:07,530 ] comtypes.client._code_cache - INFO - Imported existing <module 'comtypes.gen' from 'C:\\E drive\\Previous data\\Project\\52 project\\59. Python Mega Project - Personal AI Voice Assistant System\\.venv\\Lib\\site-packages\\comtypes\\gen\\__init__.py'>
[ 2026-07-29 14:51:07,531 ] comtypes.client._code_cache - INFO - Using writeable comtypes cache directory: 'C:\E drive\Previous data\Project\52 project\59. Python Mega Project - Personal AI Voice Assistant System\.venv\Lib\site-packages\comtypes\gen'
[ 2026-07-29 14:51:31,729 ] comtypes.client._code_cache - INFO - Imported existing <module 'comtypes.gen' from 'C:\\E drive\\Previous data\\Project\\52 project\\59. Python Mega Project - Personal AI Voice Assistant System\\.venv\\Lib\\site-packages\\comtypes\\gen\\__init__.py'>
[ 2026-07-29 14:51:31,730 ] comtypes.client._code_cache - INFO - Using writeable comtypes cache directory: 'C:\E drive\Previous data\Project\52 project\59. Python Mega Project - Personal AI Voice Assistant System\.venv\Lib\site-packages\comtypes\gen'
[ 2026-07-29 14:51:49,018 ] comtypes.client._code_cache - INFO - Imported existing <module 'comtypes.gen' from 'C:\\E drive\\Previous data\\Project\\52 project\\59. Python Mega Project - Personal AI Voice Assistant System\\.venv\\Lib\\site-packages\\comtypes\\gen\\__init__.py'>
[ 2026-07-29 14:51:49,019 ] comtypes.client._code_cache - INFO - Using writeable comtypes cache directory: 'C:\E drive\Previous data\Project\52 project\59. Python Mega Project - Personal AI Voice Assistant System\.venv\Lib\site-packages\comtypes\gen'
[ 2026-07-29 14:52:33,926 ] comtypes.client._code_cache - INFO - Imported existing <module 'comtypes.gen' from 'C:\\E drive\\Previous data\\Project\\52 project\\59. Python Mega Project - Personal AI Voice Assistant System\\.venv\\Lib\\site-packages\\comtypes\\gen\\__init__.py'>
[ 2026-07-29 14:52:33,928 ] comtypes.client._code_cache - INFO - Using writeable comtypes cache directory: 'C:\E drive\Previous data\Project\52 project\59. Python Mega Project - Personal AI Voice Assistant System\.venv\Lib\site-packages\comtypes\gen'
[ 2026-07-29 14:52:48,670 ] comtypes.client._code_cache - INFO - Imported existing <module 'comtypes.gen' from 'C:\\E drive\\Previous data\\Project\\52 project\\59. Python Mega Project - Personal AI Voice Assistant System\\.venv\\Lib\\site-packages\\comtypes\\gen\\__init__.py'>
[ 2026-07-29 14:52:48,672 ] comtypes.client._code_cache - INFO - Using writeable comtypes cache directory: 'C:\E drive\Previous data\Project\52 project\59. Python Mega Project - Personal AI Voice Assistant System\.venv\Lib\site-packages\comtypes\gen'
[ 2026-07-29 14:53:09,792 ] comtypes.client._code_cache - INFO - Imported existing <module 'comtypes.gen' from 'C:\\E drive\\Previous data\\Project\\52 project\\59. Python Mega Project - Personal AI Voice Assistant System\\.venv\\Lib\\site-packages\\comtypes\\gen\\__init__.py'>
[ 2026-07-29 14:53:09,793 ] comtypes.client._code_cache - INFO - Using writeable comtypes cache directory: 'C:\E drive\Previous data\Project\52 project\59. Python Mega Project - Personal AI Voice Assistant System\.venv\Lib\site-packages\comtypes\gen'
[ 2026-07-29 14:53:24,008 ] comtypes.client._code_cache - INFO - Imported existing <module 'comtypes.gen' from 'C:\\E drive\\Previous data\\Project\\52 project\\59. Python Mega Project - Personal AI Voice Assistant System\\.venv\\Lib\\site-packages\\comtypes\\gen\\__init__.py'>
[ 2026-07-29 14:53:24,009 ] comtypes.client._code_cache - INFO - Using writeable comtypes cache directory: 'C:\E drive\Previous data\Project\52 project\59. Python Mega Project - Personal AI Voice Assistant System\.venv\Lib\site-packages\comtypes\gen'
[ 2026-07-29 14:53:41,307 ] comtypes.client._code_cache - INFO - Imported existing <module 'comtypes.gen' from 'C:\\E drive\\Previous data\\Project\\52 project\\59. Python Mega Project - Personal AI Voice Assistant System\\.venv\\Lib\\site-packages\\comtypes\\gen\\__init__.py'>
[ 2026-07-29 14:53:41,309 ] comtypes.client._code_cache - INFO - Using writeable comtypes cache directory: 'C:\E drive\Previous data\Project\52 project\59. Python Mega Project - Personal AI Voice Assistant System\.venv\Lib\site-packages\comtypes\gen'
[ 2026-07-29 14:53:55,905 ] comtypes.client._code_cache - INFO - Imported existing <module 'comtypes.gen' from 'C:\\E drive\\Previous data\\Project\\52 project\\59. Python Mega Project - Personal AI Voice Assistant System\\.venv\\Lib\\site-packages\\comtypes\\gen\\__init__.py'>
[ 2026-07-29 14:53:55,906 ] comtypes.client._code_cache - INFO - Using writeable comtypes cache directory: 'C:\E drive\Previous data\Project\52 project\59. Python Mega Project - Personal AI Voice Assistant System\.venv\Lib\site-packages\comtypes\gen'
[ 2026-07-29 14:54:23,604 ] comtypes.client._code_cache - INFO - Imported existing <module 'comtypes.gen' from 'C:\\E drive\\Previous data\\Project\\52 project\\59. Python Mega Project - Personal AI Voice Assistant System\\.venv\\Lib\\site-packages\\comtypes\\gen\\__init__.py'>
[ 2026-07-29 14:54:23,605 ] comtypes.client._code_cache - INFO - Using writeable comtypes cache directory: 'C:\E drive\Previous data\Project\52 project\59. Python Mega Project - Personal AI Voice Assistant System\.venv\Lib\site-packages\comtypes\gen'
